ARM GAS  C:\Users\Polaris\AppData\Local\Temp\cczCFCy6.s 			page 1


   1              		.cpu cortex-m4
   2              		.arch armv7e-m
   3              		.fpu fpv4-sp-d16
   4              		.eabi_attribute 27, 1
   5              		.eabi_attribute 28, 1
   6              		.eabi_attribute 20, 1
   7              		.eabi_attribute 21, 1
   8              		.eabi_attribute 23, 3
   9              		.eabi_attribute 24, 1
  10              		.eabi_attribute 25, 1
  11              		.eabi_attribute 26, 1
  12              		.eabi_attribute 30, 1
  13              		.eabi_attribute 34, 1
  14              		.eabi_attribute 18, 4
  15              		.file	"init.c"
  16              		.text
  17              	.Ltext0:
  18              		.cfi_sections	.debug_frame
  19              		.file 1 "Core/Src/init.c"
  20              		.section	.text.GPIO_Init_Memory,"ax",%progbits
  21              		.align	1
  22              		.global	GPIO_Init_Memory
  23              		.syntax unified
  24              		.thumb
  25              		.thumb_func
  27              	GPIO_Init_Memory:
  28              	.LFB130:
   1:Core/Src/init.c **** #include "../Inc/init.h"
   2:Core/Src/init.c **** 
   3:Core/Src/init.c **** void GPIO_Init_Memory(void)
   4:Core/Src/init.c **** {
  29              		.loc 1 4 1 view -0
  30              		.cfi_startproc
  31              		@ args = 0, pretend = 0, frame = 0
  32              		@ frame_needed = 0, uses_anonymous_args = 0
  33              		@ link register save eliminated.
   5:Core/Src/init.c ****     *(uint32_t *)(0x40023800UL + 0x30UL) |= 0x02UL + 0x04UL;
  34              		.loc 1 5 5 view .LVU1
  35 0000 104A     		ldr	r2, .L2
  36 0002 D2F83038 		ldr	r3, [r2, #2096]
  37              		.loc 1 5 42 is_stmt 0 view .LVU2
  38 0006 43F00603 		orr	r3, r3, #6
  39 000a C2F83038 		str	r3, [r2, #2096]
   6:Core/Src/init.c ****     
   7:Core/Src/init.c ****     *(uint32_t *)(0x40020400UL + 0x00UL) |= 0x4000UL; 
  40              		.loc 1 7 5 is_stmt 1 view .LVU3
  41 000e 0E4B     		ldr	r3, .L2+4
  42 0010 D3F80024 		ldr	r2, [r3, #1024]
  43              		.loc 1 7 42 is_stmt 0 view .LVU4
  44 0014 42F48042 		orr	r2, r2, #16384
  45 0018 C3F80024 		str	r2, [r3, #1024]
   8:Core/Src/init.c ****     *(uint32_t *)(0x40020400UL + 0x04UL) &= ~0x80UL; 
  46              		.loc 1 8 5 is_stmt 1 view .LVU5
  47 001c D3F80424 		ldr	r2, [r3, #1028]
  48              		.loc 1 8 42 is_stmt 0 view .LVU6
  49 0020 22F08002 		bic	r2, r2, #128
  50 0024 C3F80424 		str	r2, [r3, #1028]
ARM GAS  C:\Users\Polaris\AppData\Local\Temp\cczCFCy6.s 			page 2


   9:Core/Src/init.c ****     *(uint32_t *)(0x40020400UL + 0x08UL) |= 0x4000UL; 
  51              		.loc 1 9 5 is_stmt 1 view .LVU7
  52 0028 D3F80824 		ldr	r2, [r3, #1032]
  53              		.loc 1 9 42 is_stmt 0 view .LVU8
  54 002c 42F48042 		orr	r2, r2, #16384
  55 0030 C3F80824 		str	r2, [r3, #1032]
  10:Core/Src/init.c ****     
  11:Core/Src/init.c ****     *(uint32_t *)(0x40020400UL + 0x18UL) |= 0x800000UL; 
  56              		.loc 1 11 5 is_stmt 1 view .LVU9
  57 0034 D3F81824 		ldr	r2, [r3, #1048]
  58              		.loc 1 11 42 is_stmt 0 view .LVU10
  59 0038 42F40002 		orr	r2, r2, #8388608
  60 003c C3F81824 		str	r2, [r3, #1048]
  12:Core/Src/init.c **** }
  61              		.loc 1 12 1 view .LVU11
  62 0040 7047     		bx	lr
  63              	.L3:
  64 0042 00BF     		.align	2
  65              	.L2:
  66 0044 00300240 		.word	1073885184
  67 0048 00000240 		.word	1073872896
  68              		.cfi_endproc
  69              	.LFE130:
  71              		.section	.text.GPIO_Init_CMSIS,"ax",%progbits
  72              		.align	1
  73              		.global	GPIO_Init_CMSIS
  74              		.syntax unified
  75              		.thumb
  76              		.thumb_func
  78              	GPIO_Init_CMSIS:
  79              	.LFB131:
  13:Core/Src/init.c **** 
  14:Core/Src/init.c **** void GPIO_Init_CMSIS(void)
  15:Core/Src/init.c **** {
  80              		.loc 1 15 1 is_stmt 1 view -0
  81              		.cfi_startproc
  82              		@ args = 0, pretend = 0, frame = 0
  83              		@ frame_needed = 0, uses_anonymous_args = 0
  84              		@ link register save eliminated.
  16:Core/Src/init.c ****   SET_BIT(RCC->AHB1ENR, RCC_AHB1ENR_GPIOBEN | 
  85              		.loc 1 16 3 view .LVU13
  86 0000 134A     		ldr	r2, .L5
  87 0002 136B     		ldr	r3, [r2, #48]
  88 0004 43F04E03 		orr	r3, r3, #78
  89 0008 1363     		str	r3, [r2, #48]
  17:Core/Src/init.c ****                         RCC_AHB1ENR_GPIOCEN | 
  18:Core/Src/init.c ****                         RCC_AHB1ENR_GPIOGEN | 
  19:Core/Src/init.c ****                         RCC_AHB1ENR_GPIODEN); //设置按钮
  20:Core/Src/init.c **** 
  21:Core/Src/init.c **** 
  22:Core/Src/init.c ****   SET_BIT(GPIOB->MODER, GPIO_MODER_MODER14_0); //pb14引脚设置为输出
  90              		.loc 1 22 3 view .LVU14
  91 000a 124B     		ldr	r3, .L5+4
  92 000c 1A68     		ldr	r2, [r3]
  93 000e 42F08052 		orr	r2, r2, #268435456
  94 0012 1A60     		str	r2, [r3]
  23:Core/Src/init.c ****   SET_BIT(GPIOB->BSRR, GPIO_BSRR_BR14);         //pb14引脚输出设置为0
ARM GAS  C:\Users\Polaris\AppData\Local\Temp\cczCFCy6.s 			page 3


  95              		.loc 1 23 3 view .LVU15
  96 0014 9A69     		ldr	r2, [r3, #24]
  97 0016 42F08042 		orr	r2, r2, #1073741824
  98 001a 9A61     		str	r2, [r3, #24]
  24:Core/Src/init.c **** 
  25:Core/Src/init.c ****   SET_BIT(GPIOB->MODER, GPIO_MODER_MODE0_0);
  99              		.loc 1 25 3 view .LVU16
 100 001c 1A68     		ldr	r2, [r3]
 101 001e 42F00102 		orr	r2, r2, #1
 102 0022 1A60     		str	r2, [r3]
  26:Core/Src/init.c ****   SET_BIT(GPIOB->BSRR, GPIO_BSRR_BR0);
 103              		.loc 1 26 3 view .LVU17
 104 0024 9A69     		ldr	r2, [r3, #24]
 105 0026 42F48032 		orr	r2, r2, #65536
 106 002a 9A61     		str	r2, [r3, #24]
  27:Core/Src/init.c **** 
  28:Core/Src/init.c ****   SET_BIT(GPIOD->MODER, GPIO_MODER_MODER7_0);
 107              		.loc 1 28 3 view .LVU18
 108 002c 0A4A     		ldr	r2, .L5+8
 109 002e 1168     		ldr	r1, [r2]
 110 0030 41F48041 		orr	r1, r1, #16384
 111 0034 1160     		str	r1, [r2]
  29:Core/Src/init.c ****   SET_BIT(GPIOD->BSRR, GPIO_BSRR_BR7);
 112              		.loc 1 29 3 view .LVU19
 113 0036 9169     		ldr	r1, [r2, #24]
 114 0038 41F40001 		orr	r1, r1, #8388608
 115 003c 9161     		str	r1, [r2, #24]
  30:Core/Src/init.c **** 
  31:Core/Src/init.c ****   SET_BIT(GPIOB->MODER, GPIO_MODER_MODER10_0);
 116              		.loc 1 31 3 view .LVU20
 117 003e 1A68     		ldr	r2, [r3]
 118 0040 42F48012 		orr	r2, r2, #1048576
 119 0044 1A60     		str	r2, [r3]
  32:Core/Src/init.c ****   SET_BIT(GPIOB->BSRR, GPIO_BSRR_BR10);
 120              		.loc 1 32 3 view .LVU21
 121 0046 9A69     		ldr	r2, [r3, #24]
 122 0048 42F08062 		orr	r2, r2, #67108864
 123 004c 9A61     		str	r2, [r3, #24]
  33:Core/Src/init.c **** }...
 124              		.loc 1 33 1 is_stmt 0 view .LVU22
 125 004e 7047     		bx	lr
 126              	.L6:
 127              		.align	2
 128              	.L5:
 129 0050 00380240 		.word	1073887232
 130 0054 00040240 		.word	1073873920
 131 0058 000C0240 		.word	1073875968
 132              		.cfi_endproc
 133              	.LFE131:
 135              		.text
 136              	.Letext0:
 137              		.file 2 "F:/VStools/xpack-arm-none-eabi-gcc-13.2.1-1.1/arm-none-eabi/include/machine/_default_type
 138              		.file 3 "F:/VStools/xpack-arm-none-eabi-gcc-13.2.1-1.1/arm-none-eabi/include/sys/_stdint.h"
 139              		.file 4 "CMSIS/Devices/STM32F4xx/Inc/STM32F429xx/stm32f429xx.h"
ARM GAS  C:\Users\Polaris\AppData\Local\Temp\cczCFCy6.s 			page 4


DEFINED SYMBOLS
                            *ABS*:00000000 init.c
C:\Users\Polaris\AppData\Local\Temp\cczCFCy6.s:21     .text.GPIO_Init_Memory:00000000 $t
C:\Users\Polaris\AppData\Local\Temp\cczCFCy6.s:27     .text.GPIO_Init_Memory:00000000 GPIO_Init_Memory
C:\Users\Polaris\AppData\Local\Temp\cczCFCy6.s:66     .text.GPIO_Init_Memory:00000044 $d
C:\Users\Polaris\AppData\Local\Temp\cczCFCy6.s:72     .text.GPIO_Init_CMSIS:00000000 $t
C:\Users\Polaris\AppData\Local\Temp\cczCFCy6.s:78     .text.GPIO_Init_CMSIS:00000000 GPIO_Init_CMSIS
C:\Users\Polaris\AppData\Local\Temp\cczCFCy6.s:129    .text.GPIO_Init_CMSIS:00000050 $d

NO UNDEFINED SYMBOLS
